"","fdr"
"ENV1",0.450940662007634
"ENV2",0.455842977525423
"ENV3",0.379685695587532
"ENV4",0.279689666545953
"ENV5",0.460658526396879
"ENV6",0.403327346325333
"ENV7",0.049632054339527
"ENV8",0.134764656671982
"ENV9",0.38577395538882
"ENV10",0.465389591954801
"ENV11",0.470038378111716
"ENV12",0.474607012783167
"ENV13",0.479097551135447
"ENV14",0.483511978668198
"ENV15",0.0942064720341559
"ENV16",0.102065579356235
"ENV17",0.348390075435857
"ENV18",0.430531851347496
"ENV19",0.408954468301405
"ENV20",0.487852214141574
"ENV21",0.414473376393322
"ENV22",0.492120112357061
"ENV23",0.143306096313937
"ENV24",0.391740449994082
"ENV25",0.496317466800391
"ENV26",0.500446012154486
"ENV27",0.504507426689816
"ENV28",0.335195655311639
"ENV29",0.508503334539092
"ENV30",0.512435307862779
"ENV31",0.419887162426345
"ENV32",0.081200296266418
"ENV33",0.185711595726695
"ENV34",0.168455459428901
"ENV35",0.516304868911487
"ENV36",0.151592567608371
"ENV37",0.397588796191319
"ENV38",0.520113491990924
"ENV39",0.523862605334745
"ENV40",0.194116683460519
"ENV41",0.52755359289029
"ENV42",0.43576614096053
"ENV43",0.211125122486223
"ENV44",0.531187796021903
"ENV45",0.534766515136239
"ENV46",0.293995308792671
"ENV47",0.538291011233692
"ENV48",0.54176250738983
"ENV49",0.545182190170503
"ENV50",0.286868514091954
"ENV51",0.440904388562314
"ENV52",0.321756667704147
"ENV53",0.548551210984054
"ENV54",0.551870687373878
"ENV55",0.21942574610703
"ENV56",0.227507932264131
"ENV57",0.55514170425436
"ENV58",0.425198801553085
"ENV59",0.558365315093097
"ENV60",0.3080145228075
"ENV61",0.561542543042067
"ENV62",0.44594921348043
"ENV63",0.564674382020338
"ENV64",0.56776179775069
"ENV65",0.570805728752446
"ENV66",0.341795674704948
"ENV67",0.367381258607067
"ENV68",0.573807087292639
"ENV69",0.576766760297551
"ENV70",0.579685610226533
"ENV71",0.582564475909913
"ENV72",0.585404173352703
"ENV73",0.354844169768236
"ENV74",0.588205496505725
"ENV75",0.300956364081743
"ENV76",0.272335725157367
"ENV77",0.00507094175690122
"ENV78",4.45498966217261e-07
"ENV79",0.23538019150806
"ENV80",0.202597084519642
"ENV81",2.20131823880365e-10
"ENV82",0.26500293987852
"ENV83",0.00672272980596269
"ENV84",0.0679273155225815
"ENV85",0.038731967593433
"ENV86",1.17060825714083e-06
"ENV87",2.40389073399209e-07
"ENV88",0.00829394282824068
"ENV89",0.0615176261735844
"ENV90",5.64333556428585e-09
"ENV91",0.043786453158855
"ENV92",0.0285624520397518
"ENV93",0.0744749391097753
"ENV94",0.109671167087278
"ENV95",0.015366808299014
"ENV96",9.92296615246839e-11
"ENV97",0.0188729435461112
"ENV98",0.159635319158851
"ENV99",1.56815382457154e-08
"ENV100",0.117912717097517
"ENV101",7.62508782259577e-05
"ENV102",8.5265128291212e-13
"ENV103",0.00979033618279114
"ENV104",0.00115094256182547
"ENV105",1.93180433600332e-05
"ENV106",0.0555584992931928
"ENV107",0.590969218005687
"ENV108",2.59914853909478e-05
"ENV109",0.3284489688207
"ENV110",0.0876976752143611
"ENV111",1.67389657690364e-10
"ENV112",0.177066362629047
"ENV113",0.000331693132938008
"ENV114",0.000131936466808262
"ENV115",0.314912268834944
"ENV116",9.02929706506628e-06
"ENV117",0.00296211608891424
"ENV118",0.373471904656321
"ENV119",4.58642159063023e-06
"ENV120",6.64124399312788e-08
"ENV121",0.361162388430459
"ENV122",1.32970819666498e-05
"ENV123",5.10177804764161e-10
"ENV124",2.65017876862247e-06
"ENV125",0.000226553531794284
"ENV126",0.00072493503750933
"ENV127",0.0222266381302912
"ENV128",0.125956297041215
"ENV129",6.43765929453366e-10
"ENV130",0.0254376223066337
"ENV131",0.000571636535142729
"ENV132",0.0015970890032677
"ENV133",3.52532239495662e-05
"ENV134",0.00386942429525224
"ENV135",1.4495071809506e-12
"ENV136",0.25784889747679
"ENV137",9.67250429575461e-05
"ENV138",3.32060305178554e-10
"ENV139",0.0316911452609076
"ENV140",0.0116975969939122
"ENV141",1.87357842257645e-06
"ENV142",0.593696089885649
"ENV143",0.000454233918328647
"ENV144",1.49040858552866e-07
"ENV145",0.243050597950864
"ENV146",0.00211745729926441
"ENV147",8.21787426863452e-07
"ENV148",0.250526816888786
"ENV149",0.0346946907532172
"ENV150",5.57797671342319e-05
